Microchip MPLAB XC8 Compiler V2.45

Linker command line:

-W-3 \
  --edf=C:\Program Files\Microchip\xc8\v2.45\pic\dat\20230818022343_en.msgs \
  -cn -h+dist/default/production\project_1.X.production.sym \
  --cmf=dist/default/production\project_1.X.production.cmf -z -Q18F46K20 \
  -oC:\Users\AHMEDA~1\AppData\Local\Temp\xcDsd9s.3\driver_tmp_3.o \
  --defsym=__MPLAB_BUILD=1 --fixupoverflow=error \
  -Mdist/default/production/project_1.X.production.map \
  --md=C:\Users\AHMEDA~1\AppData\Local\Temp\xcDsd9s.3\driver_tmp_0.dat -E1 \
  -ver=XC8 Compiler --acfsm=1493 -ACODE=00h-0FFFFh -ACONST=00h-0FFFFh \
  -ASMALLCONST=01000h-010FFhx240 -AMEDIUMCONST=01000h-0FFFFh \
  -ACOMRAM=01h-05Fh -AABS1=00h-0F5Fh -ABIGRAM=01h-0F5Fh \
  -ARAM=060h-0FFh,0100h-01FFhx14,0F00h-0F5Fh -ABANK0=060h-0FFh \
  -ABANK1=0100h-01FFh -ABANK2=0200h-02FFh -ABANK3=0300h-03FFh \
  -ABANK4=0400h-04FFh -ABANK5=0500h-05FFh -ABANK6=0600h-06FFh \
  -ABANK7=0700h-07FFh -ABANK8=0800h-08FFh -ABANK9=0900h-09FFh \
  -ABANK10=0A00h-0AFFh -ABANK11=0B00h-0BFFh -ABANK12=0C00h-0CFFh \
  -ABANK13=0D00h-0DFFh -ABANK14=0E00h-0EFFh -ABANK15=0F00h-0F5Fh \
  -ASFR=0F60h-0FFFh -ABIGSFR=0F60h-0FFFh -ACONFIG=0300000h-030000Dh \
  -AIDLOC=0200000h-0200007h -AEEDATA=0F00000h-0F003FFh -peeprom_data=EEDATA \
  -preset_vec=00h,intcode=08h,intcodelo,powerup,init -pramtop=01000h \
  -psmallconst=SMALLCONST -pmediumconst=MEDIUMCONST -pconst=CONST \
  -AFARRAM=00h-00h \
  -prdata=COMRAM,nvrram=COMRAM,nvbit=COMRAM,rbss=COMRAM,rbit=COMRAM \
  -pfarbss=FARRAM,fardata=FARRAM,nvFARRAM=FARRAM \
  -pintsave_regs=BIGRAM,bigbss=BIGRAM,bigdata=BIGRAM -pbss=RAM \
  -pidata=CODE,irdata=CODE,ibigdata=CODE,ifardata=CODE -prparam=COMRAM \
  C:\Users\AHMEDA~1\AppData\Local\Temp\xcDsd9s.3\driver_tmp_9.o \
  dist/default/production\project_1.X.production.o 

Object code version is 3.11

Machine type is 18F46K20



                Name                               Link     Load   Length Selector   Space Scale
C:\Users\AHMEDA~1\AppData\Local\Temp\xcDsd9s.3\driver_tmp_9.o
                config                           300000   300000        E        0       4
                init                                3DE      3DE        4        4       0
                reset_vec                             0        0        4        0       0
dist/default/production\project_1.X.production.o
                intcode                               8        8      3D6        4       0
                config                           300000   300000        E        0       4
                temp                                 5C       5C        1        1       1
                smallconst                         1000     1000       16      800       0
                text35                             1956     1956        4      BD0       0
                text34                             1952     1952        4      BD0       0
                text33                             195E     195E        2      BD0       0
                text32                             1876     1876       2E      BD0       0
                text31                             194E     194E        4      BD0       0
                text30                             194A     194A        4      BD0       0
                text29                             1946     1946        4      BD0       0
                text28                             1938     1938        8      BD0       0
                text27                             1930     1930        8      BD0       0
                text26                             1928     1928        8      BD0       0
                text25                             1920     1920        8      BD0       0
                text24                             1918     1918        8      BD0       0
                text23                             1910     1910        8      BD0       0
                text22                             1908     1908        8      BD0       0
                text21                             1900     1900        8      BD0       0
                text20                             18EC     18EC        C      BD0       0
                text19                             18E0     18E0        C      BD0       0
                text18                             18F8     18F8        8      BD0       0
                text17                             195C     195C        2      BD0       0
                text16                             17DA     17DA       36      BD0       0
                text14                             15FA     15FA       6A      80B       0
                text13                             1168     1168      134      80B       0
                text12                             1016     1016      152      80B       0
                text11                             17A0     17A0       3A      BD0       0
                text10                             129C     129C      126      80B       0
                text9                              13C2     13C2      106      80B       0
                text8                              1810     1810       34      BD0       0
                text7                              14C8     14C8       AC      80B       0
                text6                              1716     1716       4E      80B       0
                text5                              16C8     16C8       4E      80B       0
                text4                              1844     1844       32      BD0       0
                text3                              1574     1574       86      80B       0
                text2                              195A     195A        2      BD0       0
                text1                              1940     1940        6      BD0       0
                text0                              18C2     18C2       1E      BD0       0
                cstackCOMRAM                         50       50        C        1       1
                cstackBANK0                          A1       A1        2       60       1
                dataBANK0                            60       60       3B       60       1
                bssBANK0                             9B       9B        6       60       1
                dataCOMRAM                           32       32       1E        1       1
                bssCOMRAM                             1        1       31        1       1
                cinit                              1664     1664       64      80B       0
                idataBANK0                         1764     1764       3B      80B       0
                idataCOMRAM                        18A4     18A4       1E      BD0       0

TOTAL           Name                               Link     Load   Length     Space
        CLASS   CODE           
                intcode                               8        8      3D6         0
                init                                3DE      3DE        4         0
                reset_vec                             0        0        4         0
                text35                             1956     1956        4         0
                text34                             1952     1952        4         0
                text33                             195E     195E        2         0
                text32                             1876     1876       2E         0
                text31                             194E     194E        4         0
                text30                             194A     194A        4         0
                text29                             1946     1946        4         0
                text28                             1938     1938        8         0
                text27                             1930     1930        8         0
                text26                             1928     1928        8         0
                text25                             1920     1920        8         0
                text24                             1918     1918        8         0
                text23                             1910     1910        8         0
                text22                             1908     1908        8         0
                text21                             1900     1900        8         0
                text20                             18EC     18EC        C         0
                text19                             18E0     18E0        C         0
                text18                             18F8     18F8        8         0
                text17                             195C     195C        2         0
                text16                             17DA     17DA       36         0
                text14                             15FA     15FA       6A         0
                text13                             1168     1168      134         0
                text12                             1016     1016      152         0
                text11                             17A0     17A0       3A         0
                text10                             129C     129C      126         0
                text9                              13C2     13C2      106         0
                text8                              1810     1810       34         0
                text7                              14C8     14C8       AC         0
                text6                              1716     1716       4E         0
                text5                              16C8     16C8       4E         0
                text4                              1844     1844       32         0
                text3                              1574     1574       86         0
                text2                              195A     195A        2         0
                text1                              1940     1940        6         0
                text0                              18C2     18C2       1E         0
                cinit                              1664     1664       64         0
                idataBANK0                         1764     1764       3B         0
                idataCOMRAM                        18A4     18A4       1E         0

        CLASS   CONST          

        CLASS   SMALLCONST     
                smallconst                         1000     1000       16         0

        CLASS   MEDIUMCONST    

        CLASS   COMRAM         
                temp                                 5C       5C        1         1
                cstackCOMRAM                         50       50        C         1
                dataCOMRAM                           32       32       1E         1
                bssCOMRAM                             1        1       31         1

        CLASS   ABS1           

        CLASS   BIGRAM         

        CLASS   RAM            

        CLASS   BANK0          
                cstackBANK0                          A1       A1        2         1
                dataBANK0                            60       60       3B         1
                bssBANK0                             9B       9B        6         1

        CLASS   BANK1          

        CLASS   BANK2          

        CLASS   BANK3          

        CLASS   BANK4          

        CLASS   BANK5          

        CLASS   BANK6          

        CLASS   BANK7          

        CLASS   BANK8          

        CLASS   BANK9          

        CLASS   BANK10         

        CLASS   BANK11         

        CLASS   BANK12         

        CLASS   BANK13         

        CLASS   BANK14         

        CLASS   BANK15         

        CLASS   SFR            

        CLASS   BIGSFR         

        CLASS   CONFIG         
                config                           300000   300000        E         4

        CLASS   IDLOC          

        CLASS   EEDATA         

        CLASS   FARRAM         

        CLASS   HEAP           

        CLASS   STACK          



SEGMENTS        Name                           Load    Length   Top    Selector   Space  Class

                reset_vec                      000000  000004  000004         0       0  CODE    
                bssCOMRAM                      000001  00005C  00005D         1       1  COMRAM  
                intcode                        000008  0003DA  0003E2         4       0  CODE    
                dataBANK0                      000060  000043  0000A3        60       1  BANK0   
                smallconst                     001000  000016  001016       800       0  SMALLCON
                text12                         001016  000789  00179F       80B       0  CODE    
                text11                         0017A0  0001C0  001960       BD0       0  CODE    


UNUSED ADDRESS RANGES

        Name                Unused          Largest block    Delta
        BANK0            0000A3-0000FF               5D
        BANK1            000100-0001FF              100
        BANK10           000A00-000AFF              100
        BANK11           000B00-000BFF              100
        BANK12           000C00-000CFF              100
        BANK13           000D00-000DFF              100
        BANK14           000E00-000EFF              100
        BANK15           000F00-000F5F               60
        BANK2            000200-0002FF              100
        BANK3            000300-0003FF              100
        BANK4            000400-0004FF              100
        BANK5            000500-0005FF              100
        BANK6            000600-0006FF              100
        BANK7            000700-0007FF              100
        BANK8            000800-0008FF              100
        BANK9            000900-0009FF              100
        BIGRAM           00005D-00005F                3
                         0000A3-000F5F              EBD
        BIGSFR           000F60-000FFF               A0
        CODE             000004-000007                4
                         0003E2-000FFF              C1E
                         00179F-00179F                1
                         001960-00FFFF             E6A0
        COMRAM           00005D-00005F                3
        CONST            000004-000007                4
                         0003E2-000FFF              C1E
                         00179F-00179F                1
                         001960-00FFFF             E6A0
        EEDATA           F00000-F003FF              400
        IDLOC            200000-200007                8
        MEDIUMCONST      00179F-00179F                1
                         001960-00FFFF             E6A0
        RAM              0000A3-000F5F              100
        SFR              000F60-000FFF               A0
        SMALLCONST       00179F-00179F                1
                         001960-00FFFF              100

                                  Symbol Table

CCP_Capture_Mode_Config@_ccp_obj       cstackCOMRAM 000055
CCP_Capture_Mode_Config@ret            cstackCOMRAM 000058
CCP_Compare_Mode_Config@_ccp_obj       cstackCOMRAM 000055
CCP_Compare_Mode_Set_Value@F3548       bssCOMRAM    000025
CCP_Init@_ccp_obj                      cstackBANK0  0000A1
CCP_Interrupt_Config@_ccp_obj          cstackCOMRAM 000053
CCP_Mode_Timer_Select@_ccp_obj         cstackCOMRAM 000053
RB4_ISR_high@dummy                     cstackCOMRAM 000050
RB4_ISR_low@dummy                      cstackCOMRAM 000050
RB5_ISR_high@dummy                     cstackCOMRAM 000050
RB5_ISR_low@dummy                      cstackCOMRAM 000050
RB6_ISR_high@dummy                     cstackCOMRAM 000050
RB6_ISR_low@dummy                      cstackCOMRAM 000050
RB7_ISR_high@dummy                     cstackCOMRAM 000050
RB7_ISR_low@dummy                      cstackCOMRAM 000050
TIMER3_Mode_Select@my_TIMER3           cstackCOMRAM 000053
TIMER3_REGISTER_SIZE_Select@my_TIMER3  cstackCOMRAM 000053
TIMER3_Set_Prescaler@my_TIMER3         cstackCOMRAM 000053
TIMER3_init@my_TIMER3                  cstackCOMRAM 000055
_ADCON0bits                            (abs)        000FC2
_ADCON1bits                            (abs)        000FC1
_ADCON2bits                            (abs)        000FC0
_ADC_INTERRUPT_HANDLER_CALL_BACK       bssCOMRAM    00002B
_ADC_ISR                               text35       001956
_ADRESH                                (abs)        000FC4
_ADRESL                                (abs)        000FC3
_ANSEL                                 (abs)        000F7E
_ANSELH                                (abs)        000F7F
_APP_CCP2_ISR                          text33       00195E
_APP_TIMER3_ISR                        text17       00195C
_CCP1CONbits                           (abs)        000FBD
_CCP1_ISR                              text34       001952
_CCP1_InterruptHandler                 bssCOMRAM    000029
_CCP2CONbits                           (abs)        000FBA
_CCP2_ISR                              text32       001876
_CCP2_InterruptHandler                 bssCOMRAM    000027
_CCPR1H                                (abs)        000FBF
_CCPR1L                                (abs)        000FBE
_CCPR2H                                (abs)        000FBC
_CCPR2L                                (abs)        000FBB
_CCP_Capture_Mode_Config               text13       001168
_CCP_Compare_Mode_Config               text12       001016
_CCP_Init                              text7        0014C8
_CCP_Interrupt_Config                  text11       0017A0
_CCP_Mode_Timer_Select                 text14       0015FA
_EEADR                                 (abs)        000FA9
_EEADRH                                (abs)        000FAA
_EECON1bits                            (abs)        000FA6
_EECON2                                (abs)        000FA7
_EEDATA                                (abs)        000FA8
_Ecu_initialize                        text2        00195A
_INT0_INTERRUPT_HANDLER_CALL_BACK      bssCOMRAM    000023
_INT0_ISR                              text31       00194E
_INT1_INTERRUPT_HANDLER_CALL_BACK      bssCOMRAM    000021
_INT1_ISR                              text30       00194A
_INT2_INTERRUPT_HANDLER_CALL_BACK      bssCOMRAM    00001F
_INT2_ISR                              text29       001946
_INTCON2bits                           (abs)        000FF1
_INTCON3bits                           (abs)        000FF0
_INTCONbits                            (abs)        000FF2
_IOCBbits                              (abs)        000F7D
_LATA                                  (abs)        000F89
_LATB                                  (abs)        000F8A
_LATC                                  (abs)        000F8B
_LATD                                  (abs)        000F8C
_LATE                                  (abs)        000F8D
_LAT_REGESTERS                         dataCOMRAM   000032
_LED1                                  dataCOMRAM   00004F
_LED2                                  dataCOMRAM   00004E
_LED3                                  dataCOMRAM   00004D
_LED4                                  dataCOMRAM   00004C
_PIE1bits                              (abs)        000F9D
_PIE2bits                              (abs)        000FA0
_PIR1bits                              (abs)        000F9E
_PIR2bits                              (abs)        000FA1
_PORTA                                 (abs)        000F80
_PORTB                                 (abs)        000F81
_PORTBbits                             (abs)        000F81
_PORTC                                 (abs)        000F82
_PORTD                                 (abs)        000F83
_PORTE                                 (abs)        000F84
_PORT_REGESTERS                        dataBANK0    000060
_RB4_FLAG                              dataCOMRAM   00004B
_RB4_INTERRUPT_HANDLER_CALL_BACK_high  bssCOMRAM    00001D
_RB4_INTERRUPT_HANDLER_CALL_BACK_low   bssCOMRAM    00001B
_RB4_ISR_high                          text28       001938
_RB4_ISR_low                           text27       001930
_RB5_FLAG                              dataCOMRAM   00004A
_RB5_INTERRUPT_HANDLER_CALL_BACK_high  bssCOMRAM    000019
_RB5_INTERRUPT_HANDLER_CALL_BACK_low   bssCOMRAM    000017
_RB5_ISR_high                          text26       001928
_RB5_ISR_low                           text25       001920
_RB6_FLAG                              dataCOMRAM   000049
_RB6_INTERRUPT_HANDLER_CALL_BACK_high  bssCOMRAM    000015
_RB6_INTERRUPT_HANDLER_CALL_BACK_low   bssCOMRAM    000013
_RB6_ISR_high                          text24       001918
_RB6_ISR_low                           text23       001910
_RB7_FLAG                              dataCOMRAM   000048
_RB7_INTERRUPT_HANDLER_CALL_BACK_high  bssCOMRAM    000011
_RB7_INTERRUPT_HANDLER_CALL_BACK_low   bssCOMRAM    00000F
_RB7_ISR_high                          text22       001908
_RB7_ISR_low                           text21       001900
_RCONbits                              (abs)        000FD0
_T0CONbits                             (abs)        000FD5
_T1CONbits                             (abs)        000FCD
_T2CONbits                             (abs)        000FCA
_T3CONbits                             (abs)        000FB1
_TIMER0_INTERRUPT_HANDLER_CALL_BACK    bssCOMRAM    00000B
_TIMER0_ISR                            text20       0018EC
_TIMER1_INTERRUPT_HANDLER_CALL_BACK    bssCOMRAM    000007
_TIMER1_ISR                            text19       0018E0
_TIMER2_INTERRUPT_HANDLER_CALL_BACK    bssCOMRAM    000005
_TIMER2_ISR                            text18       0018F8
_TIMER3_INTERRUPT_HANDLER_CALL_BACK    bssCOMRAM    000001
_TIMER3_ISR                            text16       0017DA
_TIMER3_Mode_Select                    text6        001716
_TIMER3_REGISTER_SIZE_Select           text5        0016C8
_TIMER3_Set_Prescaler                  text4        001844
_TIMER3_init                           text3        001574
_TMR0H                                 (abs)        000FD7
_TMR0L                                 (abs)        000FD6
_TMR1H                                 (abs)        000FCF
_TMR1L                                 (abs)        000FCE
_TMR2                                  (abs)        000FCC
_TMR3H                                 (abs)        000FB3
_TMR3L                                 (abs)        000FB2
_TRISA                                 (abs)        000F92
_TRISB                                 (abs)        000F93
_TRISC                                 (abs)        000F94
_TRISD                                 (abs)        000F95
_TRISE                                 (abs)        000F96
_TRIS_REGESTERS                        dataBANK0    00006A
__HRAM                                 (abs)        000000
__H__absolute__                        __absolute__ 000000
__Habs1                                abs1         000000
__Hbank0                               bank0        000000
__Hbank1                               bank1        000000
__Hbank10                              bank10       000000
__Hbank11                              bank11       000000
__Hbank12                              bank12       000000
__Hbank13                              bank13       000000
__Hbank14                              bank14       000000
__Hbank15                              bank15       000000
__Hbank2                               bank2        000000
__Hbank3                               bank3        000000
__Hbank4                               bank4        000000
__Hbank5                               bank5        000000
__Hbank6                               bank6        000000
__Hbank7                               bank7        000000
__Hbank8                               bank8        000000
__Hbank9                               bank9        000000
__Hbigbss                              bigbss       000000
__Hbigdata                             bigdata      000000
__Hbigram                              bigram       000000
__Hbigsfr                              bigsfr       000000
__Hbss                                 bss          000000
__HbssBANK0                            bssBANK0     000000
__HbssCOMRAM                           bssCOMRAM    000000
__Hcinit                               cinit        000000
__Hclrtext                             clrtext      000000
__Hcomram                              comram       000000
__Hconfig                              config       30000E
__Hconst                               const        000000
__HcstackBANK0                         cstackBANK0  000000
__HcstackCOMRAM                        cstackCOMRAM 000000
__Hdata                                data         000000
__HdataBANK0                           dataBANK0    000000
__HdataCOMRAM                          dataCOMRAM   000000
__Heeprom_data                         eeprom_data  000000
__Hfarbss                              farbss       000000
__Hfardata                             fardata      000000
__Hheap                                heap         000000
__Hibigdata                            ibigdata     000000
__Hidata                               idata        000000
__HidataBANK0                          idataBANK0   000000
__HidataCOMRAM                         idataCOMRAM  000000
__Hidloc                               idloc        000000
__Hifardata                            ifardata     000000
__Hinit                                init         0003E2
__Hintcode                             intcode      0003DE
__Hintcode_body                        intcode_body 000000
__Hintcodelo                           intcodelo    0003DE
__Hintentry                            intentry     000000
__Hintret                              intret       000000
__Hintsave_regs                        intsave_regs 000000
__Hirdata                              irdata       000000
__Hmediumconst                         mediumconst  000000
__HnvFARRAM                            nvFARRAM     000000
__Hnvbit                               nvbit        000000
__Hnvrram                              nvrram       000000
__Hparam                               rparam       000000
__Hpowerup                             powerup      0003DE
__Hram                                 ram          000000
__Hramtop                              ramtop       001000
__Hrbit                                rbit         000000
__Hrbss                                rbss         000000
__Hrdata                               rdata        000000
__Hreset_vec                           reset_vec    000004
__Hrparam                              rparam       000000
__Hsfr                                 sfr          000000
__Hsmallconst                          smallconst   001016
__Hspace_0                             (abs)        001960
__Hspace_1                             (abs)        0000A3
__Hspace_2                             (abs)        000000
__Hspace_4                             (abs)        60000E
__Hstack                               stack        000000
__Hstruct                              struct       000000
__Htemp                                temp         00005D
__Htext                                text         000000
__Htext0                               text0        000000
__Htext1                               text1        000000
__Htext10                              text10       000000
__Htext11                              text11       000000
__Htext12                              text12       000000
__Htext13                              text13       000000
__Htext14                              text14       000000
__Htext16                              text16       000000
__Htext17                              text17       000000
__Htext18                              text18       000000
__Htext19                              text19       000000
__Htext2                               text2        000000
__Htext20                              text20       000000
__Htext21                              text21       000000
__Htext22                              text22       000000
__Htext23                              text23       000000
__Htext24                              text24       000000
__Htext25                              text25       000000
__Htext26                              text26       000000
__Htext27                              text27       000000
__Htext28                              text28       000000
__Htext29                              text29       000000
__Htext3                               text3        000000
__Htext30                              text30       000000
__Htext31                              text31       000000
__Htext32                              text32       000000
__Htext33                              text33       000000
__Htext34                              text34       000000
__Htext35                              text35       000000
__Htext36                              text36       000000
__Htext4                               text4        000000
__Htext5                               text5        000000
__Htext6                               text6        000000
__Htext7                               text7        000000
__Htext8                               text8        000000
__Htext9                               text9        000000
__ISR                                  intcode      000008
__LRAM                                 (abs)        000001
__L__absolute__                        __absolute__ 000000
__Labs1                                abs1         000000
__Lbank0                               bank0        000000
__Lbank1                               bank1        000000
__Lbank10                              bank10       000000
__Lbank11                              bank11       000000
__Lbank12                              bank12       000000
__Lbank13                              bank13       000000
__Lbank14                              bank14       000000
__Lbank15                              bank15       000000
__Lbank2                               bank2        000000
__Lbank3                               bank3        000000
__Lbank4                               bank4        000000
__Lbank5                               bank5        000000
__Lbank6                               bank6        000000
__Lbank7                               bank7        000000
__Lbank8                               bank8        000000
__Lbank9                               bank9        000000
__Lbigbss                              bigbss       000000
__Lbigdata                             bigdata      000000
__Lbigram                              bigram       000000
__Lbigsfr                              bigsfr       000000
__Lbss                                 bss          000000
__LbssBANK0                            bssBANK0     000000
__LbssCOMRAM                           bssCOMRAM    000000
__Lcinit                               cinit        000000
__Lclrtext                             clrtext      000000
__Lcomram                              comram       000000
__Lconfig                              config       000000
__Lconst                               const        000000
__LcstackBANK0                         cstackBANK0  000000
__LcstackCOMRAM                        cstackCOMRAM 000000
__Ldata                                data         000000
__LdataBANK0                           dataBANK0    000000
__LdataCOMRAM                          dataCOMRAM   000000
__Leeprom_data                         eeprom_data  000000
__Lfarbss                              farbss       000000
__Lfardata                             fardata      000000
__Lheap                                heap         000000
__Libigdata                            ibigdata     000000
__Lidata                               idata        000000
__LidataBANK0                          idataBANK0   000000
__LidataCOMRAM                         idataCOMRAM  000000
__Lidloc                               idloc        000000
__Lifardata                            ifardata     000000
__Linit                                init         0003DE
__Lintcode                             intcode      000008
__Lintcode_body                        intcode_body 000000
__Lintcodelo                           intcodelo    0003DE
__Lintentry                            intentry     000000
__Lintret                              intret       000000
__Lintsave_regs                        intsave_regs 000000
__Lirdata                              irdata       000000
__Lmediumconst                         mediumconst  000000
__LnvFARRAM                            nvFARRAM     000000
__Lnvbit                               nvbit        000000
__Lnvrram                              nvrram       000000
__Lparam                               rparam       000000
__Lpowerup                             powerup      0003DE
__Lram                                 ram          000000
__Lramtop                              ramtop       001000
__Lrbit                                rbit         000000
__Lrbss                                rbss         000000
__Lrdata                               rdata        000000
__Lreset_vec                           reset_vec    000000
__Lrparam                              rparam       000000
__Lsfr                                 sfr          000000
__Lsmallconst                          smallconst   001000
__Lspace_0                             (abs)        000000
__Lspace_1                             (abs)        000000
__Lspace_2                             (abs)        000000
__Lspace_4                             (abs)        000000
__Lstack                               stack        000000
__Lstruct                              struct       000000
__Ltemp                                temp         00005C
__Ltext                                text         000000
__Ltext0                               text0        000000
__Ltext1                               text1        000000
__Ltext10                              text10       000000
__Ltext11                              text11       000000
__Ltext12                              text12       000000
__Ltext13                              text13       000000
__Ltext14                              text14       000000
__Ltext16                              text16       000000
__Ltext17                              text17       000000
__Ltext18                              text18       000000
__Ltext19                              text19       000000
__Ltext2                               text2        000000
__Ltext20                              text20       000000
__Ltext21                              text21       000000
__Ltext22                              text22       000000
__Ltext23                              text23       000000
__Ltext24                              text24       000000
__Ltext25                              text25       000000
__Ltext26                              text26       000000
__Ltext27                              text27       000000
__Ltext28                              text28       000000
__Ltext29                              text29       000000
__Ltext3                               text3        000000
__Ltext30                              text30       000000
__Ltext31                              text31       000000
__Ltext32                              text32       000000
__Ltext33                              text33       000000
__Ltext34                              text34       000000
__Ltext35                              text35       000000
__Ltext36                              text36       000000
__Ltext4                               text4        000000
__Ltext5                               text5        000000
__Ltext6                               text6        000000
__Ltext7                               text7        000000
__Ltext8                               text8        000000
__Ltext9                               text9        000000
__S0                                   (abs)        001960
__S1                                   (abs)        0000A3
__S4                                   (abs)        000000
__S5                                   (abs)        000000
___heap_hi                             (abs)        000000
___heap_lo                             (abs)        000000
___inthi_sp                            stack        000000
___inthi_stack_hi                      stack        000000
___inthi_stack_lo                      stack        000000
___intlo_sp                            stack        000000
___intlo_stack_hi                      stack        000000
___intlo_stack_lo                      stack        000000
___param_bank                          (abs)        000000
___rparam_used                         (abs)        000001
___sp                                  stack        000000
___stack_hi                            stack        000000
___stack_lo                            stack        000000
__accesstop                            (abs)        000060
__activetblptr                         (abs)        000003
__end_of_ADC_ISR                       text35       00195A
__end_of_APP_CCP2_ISR                  text33       001960
__end_of_APP_TIMER3_ISR                text17       00195E
__end_of_CCP1_ISR                      text34       001956
__end_of_CCP2_ISR                      text32       0018A4
__end_of_CCP_Capture_Mode_Config       text13       00129C
__end_of_CCP_Compare_Mode_Config       text12       001168
__end_of_CCP_Init                      text7        001574
__end_of_CCP_Interrupt_Config          text11       0017DA
__end_of_CCP_Mode_Timer_Select         text14       001664
__end_of_Ecu_initialize                text2        00195C
__end_of_INT0_ISR                      text31       001952
__end_of_INT1_ISR                      text30       00194E
__end_of_INT2_ISR                      text29       00194A
__end_of_RB4_ISR_high                  text28       001940
__end_of_RB4_ISR_low                   text27       001938
__end_of_RB5_ISR_high                  text26       001930
__end_of_RB5_ISR_low                   text25       001928
__end_of_RB6_ISR_high                  text24       001920
__end_of_RB6_ISR_low                   text23       001918
__end_of_RB7_ISR_high                  text22       001910
__end_of_RB7_ISR_low                   text21       001908
__end_of_TIMER0_ISR                    text20       0018F8
__end_of_TIMER1_ISR                    text19       0018EC
__end_of_TIMER2_ISR                    text18       001900
__end_of_TIMER3_ISR                    text16       001810
__end_of_TIMER3_Mode_Select            text6        001764
__end_of_TIMER3_REGISTER_SIZE_Select   text5        001716
__end_of_TIMER3_Set_Prescaler          text4        001876
__end_of_TIMER3_init                   text3        0015FA
__end_of__ISR                          intcode      0003DE
__end_of__initialization               cinit        0016BE
__end_of_application_initialize        text1        001946
__end_of_buttons_values                smallconst   001011
__end_of_gpio_pin_direction_initialize text10       0013C2
__end_of_gpio_pin_initialize           text8        001844
__end_of_gpio_pin_write_logic          text9        0014C8
__end_of_main                          text0        0018E0
__initialization                       cinit        001664
__mediumconst                          mediumconst  000000
__pbssBANK0                            bssBANK0     00009B
__pbssCOMRAM                           bssCOMRAM    000001
__pcinit                               cinit        001664
__pcstackBANK0                         cstackBANK0  0000A1
__pcstackCOMRAM                        cstackCOMRAM 000050
__pdataBANK0                           dataBANK0    000060
__pdataCOMRAM                          dataCOMRAM   000032
__pidataBANK0                          idataBANK0   001764
__pidataCOMRAM                         idataCOMRAM  0018A4
__pintcode                             intcode      000008
__psmallconst                          smallconst   001000
__ptext0                               text0        0018C2
__ptext1                               text1        001940
__ptext10                              text10       00129C
__ptext11                              text11       0017A0
__ptext12                              text12       001016
__ptext13                              text13       001168
__ptext14                              text14       0015FA
__ptext16                              text16       0017DA
__ptext17                              text17       00195C
__ptext18                              text18       0018F8
__ptext19                              text19       0018E0
__ptext2                               text2        00195A
__ptext20                              text20       0018EC
__ptext21                              text21       001900
__ptext22                              text22       001908
__ptext23                              text23       001910
__ptext24                              text24       001918
__ptext25                              text25       001920
__ptext26                              text26       001928
__ptext27                              text27       001930
__ptext28                              text28       001938
__ptext29                              text29       001946
__ptext3                               text3        001574
__ptext30                              text30       00194A
__ptext31                              text31       00194E
__ptext32                              text32       001876
__ptext33                              text33       00195E
__ptext34                              text34       001952
__ptext35                              text35       001956
__ptext36                              text36       000000
__ptext4                               text4        001844
__ptext5                               text5        0016C8
__ptext6                               text6        001716
__ptext7                               text7        0014C8
__ptext8                               text8        001810
__ptext9                               text9        0013C2
__ramtop                               ramtop       001000
__smallconst                           smallconst   001000
_application_initialize                text1        001940
_btn1                                  dataCOMRAM   000045
_btn2                                  dataCOMRAM   000042
_buttons_values                        smallconst   001001
_ccp2                                  dataBANK0    00008C
_gpio_pin_direction_initialize         text10       00129C
_gpio_pin_initialize                   text8        001810
_gpio_pin_write_logic                  text9        0013C2
_keypad_1                              dataBANK0    00007E
_lcd1                                  dataBANK0    000086
_lcd2                                  dataBANK0    000074
_main                                  text0        0018C2
_motor1                                dataCOMRAM   00003F
_motor2                                dataCOMRAM   00003C
_timer0_preload                        bssCOMRAM    00000D
_timer1_preload                        bssCOMRAM    000009
_timer2_preload                        bssCOMRAM    00002D
_timer3                                dataBANK0    000095
_timer3_preload                        bssCOMRAM    000003
btemp                                  temp         00005C
end_of_initialization                  cinit        0016BE
gpio_pin_direction_initialize@RET      cstackCOMRAM 000059
gpio_pin_direction_initialize@pin      cstackCOMRAM 000053
gpio_pin_initialize@RET                cstackCOMRAM 00005B
gpio_pin_initialize@pin                cstackCOMRAM 00005A
gpio_pin_write_logic@logic             cstackCOMRAM 000054
gpio_pin_write_logic@pin               cstackCOMRAM 000053
int$flags                              temp         00005C
intlevel0                              text         000000
intlevel1                              text         000000
intlevel2                              text         000000
intlevel3                              text         000000
isa$std                                (abs)        000001
isa$xinst                              (abs)        000000
led_OFF@F3320                          bssCOMRAM    00002F
led_ON@F3315                           bssCOMRAM    000030
led_initialize@F3310                   bssCOMRAM    000031
led_toggle@F3325                       bssCOMRAM    00002E
stackhi                                (abs)        000000
stacklo                                (abs)        000000
start                                  init         0003DE
start_initialization                   cinit        001664
ttemp5                                 temp         00005D
ttemp6                                 temp         000060
ttemp7                                 temp         000064
wtemp8                                 temp         00005D


MODULE INFORMATION

Module		Function		Class		Link	Load	Size
CCP.c
		_CCP_Capture_Mode_Config		CODE           	1168	0000	308
		_CCP_Mode_Timer_Select		CODE           	15FA	0000	106
		_CCP1_ISR      		CODE           	1952	0000	4
		_CCP_Init      		CODE           	14C8	0000	172
		_CCP2_ISR      		CODE           	1876	0000	46
		_CCP_Compare_Mode_Config		CODE           	1016	0000	338
		_CCP_Interrupt_Config		CODE           	17A0	0000	58

CCP.c estimated size: 1032

ECU_layer/Ecu_initialize.c
		_Ecu_initialize		CODE           	195A	0000	2

ECU_layer/Ecu_initialize.c estimated size: 2

MCAL_layer/ADC/ADC.c
		_ADC_ISR       		CODE           	1956	0000	4

MCAL_layer/ADC/ADC.c estimated size: 4

MCAL_layer/GPIO/hal_gpio.c
		_gpio_pin_write_logic		CODE           	13C2	0000	262
		_gpio_pin_direction_initialize		CODE           	129C	0000	294
		_gpio_pin_initialize		CODE           	1810	0000	52

MCAL_layer/GPIO/hal_gpio.c estimated size: 608

MCAL_layer/TIMER3/TIMER3.c
		_TIMER3_REGISTER_SIZE_Select		CODE           	16C8	0000	78
		_TIMER3_Set_Prescaler		CODE           	1844	0000	50
		_TIMER3_Mode_Select		CODE           	1716	0000	78
		_TIMER3_ISR    		CODE           	17DA	0000	54
		_TIMER3_init   		CODE           	1574	0000	134

MCAL_layer/TIMER3/TIMER3.c estimated size: 394

MCAL_layer/TIMER2/TIMER2.c
		_TIMER2_ISR    		CODE           	18F8	0000	8

MCAL_layer/TIMER2/TIMER2.c estimated size: 8

MCAL_layer/interrupt/mcal_interrupt_manager.c
		__ISR          		CODE           	0008	0000	982

MCAL_layer/interrupt/mcal_interrupt_manager.c estimated size: 982

MCAL_layer/TIMER1/TIMER1.c
		_TIMER1_ISR    		CODE           	18E0	0000	12

MCAL_layer/TIMER1/TIMER1.c estimated size: 12

MCAL_layer/interrupt/mcal_external_interrupt.c
		_RB4_ISR_low   		CODE           	1930	0000	8
		_RB4_ISR_high  		CODE           	1938	0000	8
		_RB5_ISR_low   		CODE           	1920	0000	8
		_RB5_ISR_high  		CODE           	1928	0000	8
		_RB6_ISR_low   		CODE           	1910	0000	8
		_RB6_ISR_high  		CODE           	1918	0000	8
		_RB7_ISR_low   		CODE           	1900	0000	8
		_RB7_ISR_high  		CODE           	1908	0000	8
		_INT0_ISR      		CODE           	194E	0000	4
		_INT1_ISR      		CODE           	194A	0000	4
		_INT2_ISR      		CODE           	1946	0000	4

MCAL_layer/interrupt/mcal_external_interrupt.c estimated size: 76

MCAL_layer/TIMER0/TIMER0.c
		_TIMER0_ISR    		CODE           	18EC	0000	12

MCAL_layer/TIMER0/TIMER0.c estimated size: 12

shared
		__initialization		CODE           	1664	0000	90
		_buttons_values		SMALLCONST     	1001	0000	16

shared estimated size: 106

application.c
		_application_initialize		CODE           	1940	0000	6
		_main          		CODE           	18C2	0000	30
		_APP_CCP2_ISR  		CODE           	195E	0000	2
		_APP_TIMER3_ISR		CODE           	195C	0000	2

application.c estimated size: 40

